Traceback (most recent call last):
  File "D:\.Meowlisis\runtime\Lib\site-packages\torch\_ops.py", line 1516, in load_library
    ctypes.CDLL(path)
  File "D:\.Meowlisis\runtime\Lib\ctypes\__init__.py", line 376, in __init__
    self._handle = _dlopen(self._name, mode)
                   ^^^^^^^^^^^^^^^^^^^^^^^^^
FileNotFoundError: Could not find module 'D:\.Meowlisis\runtime\Lib\site-packages\torchaudio\lib\libtorchaudio.pyd' (or one of its dependencies). Try using the full path with constructor syntax.

The above exception was the direct cause of the following exception:

Traceback (most recent call last):
  File "D:\.Meowlisis\.Sovits\api_v2.py", line 21, in <module>
    from GPT_SoVITS.TTS_infer_pack.TTS import TTS, TTS_Config
  File "D:\.Meowlisis\.Sovits\GPT_SoVITS\TTS_infer_pack\__init__.py", line 1, in <module>
    from . import TTS, text_segmentation_method
  File "D:\.Meowlisis\.Sovits\GPT_SoVITS\TTS_infer_pack\TTS.py", line 10, in <module>
    import torchaudio
  File "D:\.Meowlisis\runtime\Lib\site-packages\torchaudio\__init__.py", line 7, in <module>
    from . import _extension  # noqa  # usort: skip
    ^^^^^^^^^^^^^^^^^^^^^^^^
  File "D:\.Meowlisis\runtime\Lib\site-packages\torchaudio\_extension\__init__.py", line 33, in <module>
    if not _load_lib("libtorchaudio"):
           ^^^^^^^^^^^^^^^^^^^^^^^^^^
  File "D:\.Meowlisis\runtime\Lib\site-packages\torchaudio\_extension\utils.py", line 56, in _load_lib
    torch.ops.load_library(paths[0])
  File "D:\.Meowlisis\runtime\Lib\site-packages\torch\_ops.py", line 1518, in load_library
    raise OSError(f"Could not load this library: {path}") from e
OSError: Could not load this library: D:\.Meowlisis\runtime\Lib\site-packages\torchaudio\lib\libtorchaudio.pyd
